*** EVALUATION ***
PROGRAM "Ordenno5.1.abs"

*********************************************************************************************
TARGET SECTION
---------------------------------------------------------------------------------------------
Processor   : Freescale HC08
Memory Model: SMALL
File Format : ELF\DWARF 2.0
Linker      : SmartLinker V-5.0.51 Build 14019, Jan 20 2014

*********************************************************************************************
FILE SECTION
---------------------------------------------------------------------------------------------
Ordenno5_1_c.obj                        Model: SMALL,         Lang: ANSI-C
asm_main_asm.obj                        Model: SMALL,         Lang: Assembler
start08_c.obj                           Model: SMALL,         Lang: ANSI-C
mc9s08qg8_c.obj                         Model: SMALL,         Lang: ANSI-C
rtshc08.o (ansifs.lib)                  Model: SMALL,         Lang: ANSI-C

*********************************************************************************************
STARTUP SECTION
---------------------------------------------------------------------------------------------
Entry point: 0xE07B (_Startup)
_startupData is allocated at 0xE084 and uses 6 Bytes
extern struct _tagStartup {
  unsigned nofZeroOut     2
  _Range   pZeroOut       0x60     1
                          0x100     28
  _Copy    *toCopyDownBeg 0xE4C4
} _startupData;

*********************************************************************************************
SECTION-ALLOCATION SECTION
Section Name                    Size  Type     From       To       Segment
---------------------------------------------------------------------------------------------
.init                            132     R     0xE000     0xE083   ROM
.startData                        14     R     0xE084     0xE091   ROM
.text                           1059     R     0xE092     0xE4B4   ROM
.copy                              2     R     0xE4C4     0xE4C5   ROM
MY_ZEROPAGE                        1   R/W       0x60       0x60   Z_RAM
.abs_section_fff4                  2     R     0xFFF4     0xFFF5   .absSeg0
.abs_section_0                     1   N/I        0x0        0x0   .absSeg1
.abs_section_1                     1   N/I        0x1        0x1   .absSeg2
.abs_section_2                     1   N/I        0x2        0x2   .absSeg3
.abs_section_3                     1   N/I        0x3        0x3   .absSeg4
.abs_section_c                     1   N/I        0xC        0xC   .absSeg5
.abs_section_d                     1   N/I        0xD        0xD   .absSeg6
.abs_section_e                     1   N/I        0xE        0xE   .absSeg7
.abs_section_f                     1   N/I        0xF        0xF   .absSeg8
.abs_section_10                    1   N/I       0x10       0x10   .absSeg9
.abs_section_11                    1   N/I       0x11       0x11   .absSeg10
.abs_section_16                    1   N/I       0x16       0x16   .absSeg11
.abs_section_17                    1   N/I       0x17       0x17   .absSeg12
.abs_section_1a                    1   N/I       0x1A       0x1A   .absSeg13
.abs_section_22                    1   N/I       0x22       0x22   .absSeg14
.abs_section_23                    1   N/I       0x23       0x23   .absSeg15
.abs_section_24                    1   N/I       0x24       0x24   .absSeg16
.abs_section_25                    1   N/I       0x25       0x25   .absSeg17
.abs_section_26                    1   N/I       0x26       0x26   .absSeg18
.abs_section_27                    1   N/I       0x27       0x27   .absSeg19
.abs_section_28                    1   N/I       0x28       0x28   .absSeg20
.abs_section_29                    1   N/I       0x29       0x29   .absSeg21
.abs_section_2a                    1   N/I       0x2A       0x2A   .absSeg22
.abs_section_2b                    1   N/I       0x2B       0x2B   .absSeg23
.abs_section_2d                    1   N/I       0x2D       0x2D   .absSeg24
.abs_section_30                    1   N/I       0x30       0x30   .absSeg25
.abs_section_31                    1   N/I       0x31       0x31   .absSeg26
.abs_section_32                    1   N/I       0x32       0x32   .absSeg27
.abs_section_33                    1   N/I       0x33       0x33   .absSeg28
.abs_section_34                    1   N/I       0x34       0x34   .absSeg29
.abs_section_38                    1   N/I       0x38       0x38   .absSeg30
.abs_section_39                    1   N/I       0x39       0x39   .absSeg31
.abs_section_3a                    1   N/I       0x3A       0x3A   .absSeg32
.abs_section_3b                    1   N/I       0x3B       0x3B   .absSeg33
.abs_section_3c                    1   N/I       0x3C       0x3C   .absSeg34
.abs_section_3d                    1   N/I       0x3D       0x3D   .absSeg35
.abs_section_3e                    1   N/I       0x3E       0x3E   .absSeg36
.abs_section_3f                    1   N/I       0x3F       0x3F   .absSeg37
.abs_section_40                    1   N/I       0x40       0x40   .absSeg38
.abs_section_45                    1   N/I       0x45       0x45   .absSeg39
.abs_section_48                    1   N/I       0x48       0x48   .absSeg40
.abs_section_1800                  1   N/I     0x1800     0x1800   .absSeg41
.abs_section_1801                  1   N/I     0x1801     0x1801   .absSeg42
.abs_section_1802                  1   N/I     0x1802     0x1802   .absSeg43
.abs_section_1803                  1   N/I     0x1803     0x1803   .absSeg44
.abs_section_1808                  1   N/I     0x1808     0x1808   .absSeg45
.abs_section_1809                  1   N/I     0x1809     0x1809   .absSeg46
.abs_section_180a                  1   N/I     0x180A     0x180A   .absSeg47
.abs_section_180c                  1   N/I     0x180C     0x180C   .absSeg48
.abs_section_1816                  1   N/I     0x1816     0x1816   .absSeg49
.abs_section_1817                  1   N/I     0x1817     0x1817   .absSeg50
.abs_section_1818                  1   N/I     0x1818     0x1818   .absSeg51
.abs_section_1820                  1   N/I     0x1820     0x1820   .absSeg52
.abs_section_1821                  1   N/I     0x1821     0x1821   .absSeg53
.abs_section_1823                  1   N/I     0x1823     0x1823   .absSeg54
.abs_section_1824                  1   N/I     0x1824     0x1824   .absSeg55
.abs_section_1825                  1   N/I     0x1825     0x1825   .absSeg56
.abs_section_1826                  1   N/I     0x1826     0x1826   .absSeg57
.abs_section_1840                  1   N/I     0x1840     0x1840   .absSeg58
.abs_section_1841                  1   N/I     0x1841     0x1841   .absSeg59
.abs_section_1842                  1   N/I     0x1842     0x1842   .absSeg60
.abs_section_1844                  1   N/I     0x1844     0x1844   .absSeg61
.abs_section_1845                  1   N/I     0x1845     0x1845   .absSeg62
.abs_section_1846                  1   N/I     0x1846     0x1846   .absSeg63
.abs_section_12                    2   N/I       0x12       0x13   .absSeg64
.abs_section_14                    2   N/I       0x14       0x15   .absSeg65
.abs_section_20                    2   N/I       0x20       0x21   .absSeg66
.abs_section_41                    2   N/I       0x41       0x42   .absSeg67
.abs_section_43                    2   N/I       0x43       0x44   .absSeg68
.abs_section_46                    2   N/I       0x46       0x47   .absSeg69
.abs_section_49                    2   N/I       0x49       0x4A   .absSeg70
.abs_section_1806                  2   N/I     0x1806     0x1807   .absSeg71
.abs_section_1810                  2   N/I     0x1810     0x1811   .absSeg72
.abs_section_1812                  2   N/I     0x1812     0x1813   .absSeg73
.abs_section_1814                  2   N/I     0x1814     0x1815   .absSeg74
.bss                              28   R/W      0x100      0x11B   RAM
MyCode                            15     R     0xE4B5     0xE4C3   ROM
.stack                            64   R/W      0x11C      0x15B   RAM
.vectSeg75_vect                    2     R     0xFFFE     0xFFFF   .vectSeg75

Summary of section sizes per section type:
READ_ONLY (R):         4CA (dec:     1226)
READ_WRITE (R/W):       5D (dec:       93)
NO_INIT (N/I):          55 (dec:       85)

*********************************************************************************************
VECTOR-ALLOCATION SECTION
    Address     InitValue   InitFunction
---------------------------------------------------------------------------------------------
     0xFFFE        0xE07B   _Startup

*********************************************************************************************
OBJECT-ALLOCATION SECTION
     Name               Module                 Addr   hSize   dSize     Ref    Section   RLIB
---------------------------------------------------------------------------------------------
MODULE:                 -- Ordenno5_1_c.obj --
- PROCEDURES:
     main                                      E092      15      21       1   .text       
     ConfigIni                                 E0A7      14      20       1   .text       
     tiempo                                    E0BB      1F      31       5   .text       
     retardo1m                                 E0DA       3       3       1   .text       
     ConfigGPIO                                E0DD      14      20       1   .text       
     Stop                                      E0F1       F      15       1   .text       
     LeerDIP1                                  E100      EF     239       3   .text       
     LeerDIP2                                  E1EF      44      68       1   .text       
     Stop2                                     E233      12      18       2   .text       
     ConfigPWM                                 E245      19      25       1   .text       
     SetPWM                                    E25E       1       1       1   .text       
     Trans                                     E25F      12      18       1   .text       
- VARIABLES:
     milli                                      100       2       2       1   .bss        
     i                                          102       2       2       3   .bss        
     DIP1                                       104       2       2       1   .bss        
     DIP2                                       106       2       2       1   .bss        
     maskA                                      108       2       2       2   .bss        
     maskB                                      10A       2       2       2   .bss        
     Val                                        10C       4       4      10   .bss        
     RATIO                                      110       4       4       4   .bss        
     RATIO2                                     114       4       4       3   .bss        
     RATE                                       118       2       2       3   .bss        
     FlagCH0                                    11A       2       2       1   .bss        
     _Vector_5                                 FFF4       2       2       0   .abs_section_fff4
MODULE:                 -- asm_main_asm.obj --
- PROCEDURES:
     asm_main                                  E4B5       4       4       1   MyCode      
     retardo                                   E4B9       2       2       1   MyCode      
     rt1                                       E4BB       3       3       0   MyCode      
     rt2                                       E4BE       6       6       0   MyCode      
- VARIABLES:
     temp_byte                                   60       1       1       1   MY_ZEROPAGE 
MODULE:                 -- start08_c.obj --
- PROCEDURES:
     loadByte                                  E000       E      14       5   .init       
     Init                                      E00E      6D     109       1   .init       
     _Startup                                  E07B       9       9       0   .init       
- VARIABLES:
     _startupData                              E084       6       6       4   .startData  
- LABELS:
     __SEG_END_SSTACK                           15C       0       0       1               
MODULE:                 -- mc9s08qg8_c.obj --
- PROCEDURES:
- VARIABLES:
     _PTAD                                        0       1       1       4   .abs_section_0
     _PTADD                                       1       1       1       1   .abs_section_1
     _PTBD                                        2       1       1      10   .abs_section_2
     _PTBDD                                       3       1       1       1   .abs_section_3
     _KBISC                                       C       1       1       0   .abs_section_c
     _KBIPE                                       D       1       1       0   .abs_section_d
     _KBIES                                       E       1       1       0   .abs_section_e
     _IRQSC                                       F       1       1       0   .abs_section_f
     _ADCSC1                                     10       1       1       0   .abs_section_10
     _ADCSC2                                     11       1       1       0   .abs_section_11
     _ADCCFG                                     16       1       1       0   .abs_section_16
     _APCTL1                                     17       1       1       0   .abs_section_17
     _ACMPSC                                     1A       1       1       0   .abs_section_1a
     _SCIC1                                      22       1       1       0   .abs_section_22
     _SCIC2                                      23       1       1       0   .abs_section_23
     _SCIS1                                      24       1       1       0   .abs_section_24
     _SCIS2                                      25       1       1       0   .abs_section_25
     _SCIC3                                      26       1       1       0   .abs_section_26
     _SCID                                       27       1       1       0   .abs_section_27
     _SPIC1                                      28       1       1       0   .abs_section_28
     _SPIC2                                      29       1       1       0   .abs_section_29
     _SPIBR                                      2A       1       1       0   .abs_section_2a
     _SPIS                                       2B       1       1       0   .abs_section_2b
     _SPID                                       2D       1       1       0   .abs_section_2d
     _IICA                                       30       1       1       0   .abs_section_30
     _IICF                                       31       1       1       0   .abs_section_31
     _IICC                                       32       1       1       0   .abs_section_32
     _IICS                                       33       1       1       0   .abs_section_33
     _IICD                                       34       1       1       0   .abs_section_34
     _ICSC1                                      38       1       1       0   .abs_section_38
     _ICSC2                                      39       1       1       0   .abs_section_39
     _ICSTRM                                     3A       1       1       0   .abs_section_3a
     _ICSSC                                      3B       1       1       0   .abs_section_3b
     _MTIMSC                                     3C       1       1       0   .abs_section_3c
     _MTIMCLK                                    3D       1       1       0   .abs_section_3d
     _MTIMCNT                                    3E       1       1       0   .abs_section_3e
     _MTIMMOD                                    3F       1       1       0   .abs_section_3f
     _TPMSC                                      40       1       1       1   .abs_section_40
     _TPMC0SC                                    45       1       1       3   .abs_section_45
     _TPMC1SC                                    48       1       1       1   .abs_section_48
     _SRS                                      1800       1       1       1   .abs_section_1800
     _SBDFR                                    1801       1       1       0   .abs_section_1801
     _SOPT1                                    1802       1       1       1   .abs_section_1802
     _SOPT2                                    1803       1       1       0   .abs_section_1803
     _SRTISC                                   1808       1       1       0   .abs_section_1808
     _SPMSC1                                   1809       1       1       0   .abs_section_1809
     _SPMSC2                                   180A       1       1       0   .abs_section_180a
     _SPMSC3                                   180C       1       1       0   .abs_section_180c
     _DBGC                                     1816       1       1       0   .abs_section_1816
     _DBGT                                     1817       1       1       0   .abs_section_1817
     _DBGS                                     1818       1       1       0   .abs_section_1818
     _FCDIV                                    1820       1       1       0   .abs_section_1820
     _FOPT                                     1821       1       1       0   .abs_section_1821
     _FCNFG                                    1823       1       1       0   .abs_section_1823
     _FPROT                                    1824       1       1       0   .abs_section_1824
     _FSTAT                                    1825       1       1       0   .abs_section_1825
     _FCMD                                     1826       1       1       0   .abs_section_1826
     _PTAPE                                    1840       1       1       0   .abs_section_1840
     _PTASE                                    1841       1       1       0   .abs_section_1841
     _PTADS                                    1842       1       1       0   .abs_section_1842
     _PTBPE                                    1844       1       1       0   .abs_section_1844
     _PTBSE                                    1845       1       1       0   .abs_section_1845
     _PTBDS                                    1846       1       1       0   .abs_section_1846
     _ADCR                                       12       2       2       0   .abs_section_12
     _ADCCV                                      14       2       2       0   .abs_section_14
     _SCIBD                                      20       2       2       0   .abs_section_20
     _TPMCNT                                     41       2       2       0   .abs_section_41
     _TPMMOD                                     43       2       2       1   .abs_section_43
     _TPMC0V                                     46       2       2       1   .abs_section_46
     _TPMC1V                                     49       2       2       1   .abs_section_49
     _SDID                                     1806       2       2       0   .abs_section_1806
     _DBGCA                                    1810       2       2       0   .abs_section_1810
     _DBGCB                                    1812       2       2       0   .abs_section_1812
     _DBGF                                     1814       2       2       0   .abs_section_1814
MODULE:                 -- rtshc08.o (ansifs.lib) --
- PROCEDURES:
     _PUSH_ARGS_L                              E271      20      32       1   .text       
     _ENTER_UNARY_L                            E291      29      41       1   .text       
     _ENTER_BINARY_L_RC                        E2BA      19      25       2   .text       
     _k_is_k_plus_j_l                          E2D3      1E      30       2   .text       
     _k_is_k_plus_j_i                          E2F1      12      18       3   .text       
     _LMUL_k_is_k_mul_j                        E303      81     129       1   .text       
     _LDIVMOD                                  E384      A4     164       1   .text       
     _LDIVU_k_is_k_div_j                       E428      17      23       1   .text       
     _LMUL_RC                                  E43F       6       6       9   .text       
     _LDIVU_RC                                 E445       6       6       2   .text       
     _LLSR                                     E44B      16      22       2   .text       
     _POP32                                    E461      1A      26       4   .text       
     _STORE32                                  E47B      16      22       1   .text       
     _Jump_Table_Header_Offset                 E491      24      36       2   .text       
- VARIABLES:

*********************************************************************************************
MODULE STATISTIC
  Name                                      Data   Code  Const
---------------------------------------------------------------------------------------------
  Ordenno5_1_c.obj                            28    479      2
  asm_main_asm.obj                             1     15      0
  start08_c.obj                                0    132      0
  mc9s08qg8_c.obj                             85      0      0
  rtshc08.o (ansifs.lib)                       0    580      0
  other                                       64     16      2

*********************************************************************************************
SECTION USE IN OBJECT-ALLOCATION SECTION
---------------------------------------------------------------------------------------------
SECTION: ".text"
  main ConfigIni tiempo retardo1m ConfigGPIO Stop LeerDIP1 LeerDIP2 Stop2 
  ConfigPWM SetPWM Trans _PUSH_ARGS_L _ENTER_UNARY_L _ENTER_BINARY_L_RC 
  _k_is_k_plus_j_l _k_is_k_plus_j_i _LMUL_k_is_k_mul_j _LDIVMOD 
  _LDIVU_k_is_k_div_j _LMUL_RC _LDIVU_RC _LLSR _POP32 _STORE32 
  _Jump_Table_Header_Offset 
SECTION: ".bss"
  milli i DIP1 DIP2 maskA maskB Val RATIO RATIO2 RATE FlagCH0 
SECTION: ".init"
  loadByte Init _Startup 
SECTION: "MY_ZEROPAGE"
  temp_byte 
SECTION: ".abs_section_fff4"
  _Vector_5 
SECTION: "MyCode"
  asm_main retardo rt1 rt2 
SECTION: ".abs_section_0"
  _PTAD 
SECTION: ".abs_section_1"
  _PTADD 
SECTION: ".abs_section_2"
  _PTBD 
SECTION: ".abs_section_3"
  _PTBDD 
SECTION: ".abs_section_c"
  _KBISC 
SECTION: ".abs_section_d"
  _KBIPE 
SECTION: ".abs_section_e"
  _KBIES 
SECTION: ".abs_section_f"
  _IRQSC 
SECTION: ".abs_section_10"
  _ADCSC1 
SECTION: ".abs_section_11"
  _ADCSC2 
SECTION: ".abs_section_16"
  _ADCCFG 
SECTION: ".abs_section_17"
  _APCTL1 
SECTION: ".abs_section_1a"
  _ACMPSC 
SECTION: ".abs_section_22"
  _SCIC1 
SECTION: ".abs_section_23"
  _SCIC2 
SECTION: ".abs_section_24"
  _SCIS1 
SECTION: ".abs_section_25"
  _SCIS2 
SECTION: ".abs_section_26"
  _SCIC3 
SECTION: ".abs_section_27"
  _SCID 
SECTION: ".abs_section_28"
  _SPIC1 
SECTION: ".abs_section_29"
  _SPIC2 
SECTION: ".abs_section_2a"
  _SPIBR 
SECTION: ".abs_section_2b"
  _SPIS 
SECTION: ".abs_section_2d"
  _SPID 
SECTION: ".abs_section_30"
  _IICA 
SECTION: ".abs_section_31"
  _IICF 
SECTION: ".abs_section_32"
  _IICC 
SECTION: ".abs_section_33"
  _IICS 
SECTION: ".abs_section_34"
  _IICD 
SECTION: ".abs_section_38"
  _ICSC1 
SECTION: ".abs_section_39"
  _ICSC2 
SECTION: ".abs_section_3a"
  _ICSTRM 
SECTION: ".abs_section_3b"
  _ICSSC 
SECTION: ".abs_section_3c"
  _MTIMSC 
SECTION: ".abs_section_3d"
  _MTIMCLK 
SECTION: ".abs_section_3e"
  _MTIMCNT 
SECTION: ".abs_section_3f"
  _MTIMMOD 
SECTION: ".abs_section_40"
  _TPMSC 
SECTION: ".abs_section_45"
  _TPMC0SC 
SECTION: ".abs_section_48"
  _TPMC1SC 
SECTION: ".abs_section_1800"
  _SRS 
SECTION: ".abs_section_1801"
  _SBDFR 
SECTION: ".abs_section_1802"
  _SOPT1 
SECTION: ".abs_section_1803"
  _SOPT2 
SECTION: ".abs_section_1808"
  _SRTISC 
SECTION: ".abs_section_1809"
  _SPMSC1 
SECTION: ".abs_section_180a"
  _SPMSC2 
SECTION: ".abs_section_180c"
  _SPMSC3 
SECTION: ".abs_section_1816"
  _DBGC 
SECTION: ".abs_section_1817"
  _DBGT 
SECTION: ".abs_section_1818"
  _DBGS 
SECTION: ".abs_section_1820"
  _FCDIV 
SECTION: ".abs_section_1821"
  _FOPT 
SECTION: ".abs_section_1823"
  _FCNFG 
SECTION: ".abs_section_1824"
  _FPROT 
SECTION: ".abs_section_1825"
  _FSTAT 
SECTION: ".abs_section_1826"
  _FCMD 
SECTION: ".abs_section_1840"
  _PTAPE 
SECTION: ".abs_section_1841"
  _PTASE 
SECTION: ".abs_section_1842"
  _PTADS 
SECTION: ".abs_section_1844"
  _PTBPE 
SECTION: ".abs_section_1845"
  _PTBSE 
SECTION: ".abs_section_1846"
  _PTBDS 
SECTION: ".abs_section_12"
  _ADCR 
SECTION: ".abs_section_14"
  _ADCCV 
SECTION: ".abs_section_20"
  _SCIBD 
SECTION: ".abs_section_41"
  _TPMCNT 
SECTION: ".abs_section_43"
  _TPMMOD 
SECTION: ".abs_section_46"
  _TPMC0V 
SECTION: ".abs_section_49"
  _TPMC1V 
SECTION: ".abs_section_1806"
  _SDID 
SECTION: ".abs_section_1810"
  _DBGCA 
SECTION: ".abs_section_1812"
  _DBGCB 
SECTION: ".abs_section_1814"
  _DBGF 

*********************************************************************************************
OBJECT LIST SORTED BY ADDRESS
     Name                                      Addr   hSize   dSize     Ref    Section   RLIB
---------------------------------------------------------------------------------------------
     _PTAD                                        0       1       1       4   .abs_section_0
     _PTADD                                       1       1       1       1   .abs_section_1
     _PTBD                                        2       1       1      10   .abs_section_2
     _PTBDD                                       3       1       1       1   .abs_section_3
     _KBISC                                       C       1       1       0   .abs_section_c
     _KBIPE                                       D       1       1       0   .abs_section_d
     _KBIES                                       E       1       1       0   .abs_section_e
     _IRQSC                                       F       1       1       0   .abs_section_f
     _ADCSC1                                     10       1       1       0   .abs_section_10
     _ADCSC2                                     11       1       1       0   .abs_section_11
     _ADCR                                       12       2       2       0   .abs_section_12
     _ADCCV                                      14       2       2       0   .abs_section_14
     _ADCCFG                                     16       1       1       0   .abs_section_16
     _APCTL1                                     17       1       1       0   .abs_section_17
     _ACMPSC                                     1A       1       1       0   .abs_section_1a
     _SCIBD                                      20       2       2       0   .abs_section_20
     _SCIC1                                      22       1       1       0   .abs_section_22
     _SCIC2                                      23       1       1       0   .abs_section_23
     _SCIS1                                      24       1       1       0   .abs_section_24
     _SCIS2                                      25       1       1       0   .abs_section_25
     _SCIC3                                      26       1       1       0   .abs_section_26
     _SCID                                       27       1       1       0   .abs_section_27
     _SPIC1                                      28       1       1       0   .abs_section_28
     _SPIC2                                      29       1       1       0   .abs_section_29
     _SPIBR                                      2A       1       1       0   .abs_section_2a
     _SPIS                                       2B       1       1       0   .abs_section_2b
     _SPID                                       2D       1       1       0   .abs_section_2d
     _IICA                                       30       1       1       0   .abs_section_30
     _IICF                                       31       1       1       0   .abs_section_31
     _IICC                                       32       1       1       0   .abs_section_32
     _IICS                                       33       1       1       0   .abs_section_33
     _IICD                                       34       1       1       0   .abs_section_34
     _ICSC1                                      38       1       1       0   .abs_section_38
     _ICSC2                                      39       1       1       0   .abs_section_39
     _ICSTRM                                     3A       1       1       0   .abs_section_3a
     _ICSSC                                      3B       1       1       0   .abs_section_3b
     _MTIMSC                                     3C       1       1       0   .abs_section_3c
     _MTIMCLK                                    3D       1       1       0   .abs_section_3d
     _MTIMCNT                                    3E       1       1       0   .abs_section_3e
     _MTIMMOD                                    3F       1       1       0   .abs_section_3f
     _TPMSC                                      40       1       1       1   .abs_section_40
     _TPMCNT                                     41       2       2       0   .abs_section_41
     _TPMMOD                                     43       2       2       1   .abs_section_43
     _TPMC0SC                                    45       1       1       3   .abs_section_45
     _TPMC0V                                     46       2       2       1   .abs_section_46
     _TPMC1SC                                    48       1       1       1   .abs_section_48
     _TPMC1V                                     49       2       2       1   .abs_section_49
     temp_byte                                   60       1       1       1   MY_ZEROPAGE 
     milli                                      100       2       2       1   .bss        
     i                                          102       2       2       3   .bss        
     DIP1                                       104       2       2       1   .bss        
     DIP2                                       106       2       2       1   .bss        
     maskA                                      108       2       2       2   .bss        
     maskB                                      10A       2       2       2   .bss        
     Val                                        10C       4       4      10   .bss        
     RATIO                                      110       4       4       4   .bss        
     RATIO2                                     114       4       4       3   .bss        
     RATE                                       118       2       2       3   .bss        
     FlagCH0                                    11A       2       2       1   .bss        
     _SRS                                      1800       1       1       1   .abs_section_1800
     _SBDFR                                    1801       1       1       0   .abs_section_1801
     _SOPT1                                    1802       1       1       1   .abs_section_1802
     _SOPT2                                    1803       1       1       0   .abs_section_1803
     _SDID                                     1806       2       2       0   .abs_section_1806
     _SRTISC                                   1808       1       1       0   .abs_section_1808
     _SPMSC1                                   1809       1       1       0   .abs_section_1809
     _SPMSC2                                   180A       1       1       0   .abs_section_180a
     _SPMSC3                                   180C       1       1       0   .abs_section_180c
     _DBGCA                                    1810       2       2       0   .abs_section_1810
     _DBGCB                                    1812       2       2       0   .abs_section_1812
     _DBGF                                     1814       2       2       0   .abs_section_1814
     _DBGC                                     1816       1       1       0   .abs_section_1816
     _DBGT                                     1817       1       1       0   .abs_section_1817
     _DBGS                                     1818       1       1       0   .abs_section_1818
     _FCDIV                                    1820       1       1       0   .abs_section_1820
     _FOPT                                     1821       1       1       0   .abs_section_1821
     _FCNFG                                    1823       1       1       0   .abs_section_1823
     _FPROT                                    1824       1       1       0   .abs_section_1824
     _FSTAT                                    1825       1       1       0   .abs_section_1825
     _FCMD                                     1826       1       1       0   .abs_section_1826
     _PTAPE                                    1840       1       1       0   .abs_section_1840
     _PTASE                                    1841       1       1       0   .abs_section_1841
     _PTADS                                    1842       1       1       0   .abs_section_1842
     _PTBPE                                    1844       1       1       0   .abs_section_1844
     _PTBSE                                    1845       1       1       0   .abs_section_1845
     _PTBDS                                    1846       1       1       0   .abs_section_1846
     loadByte                                  E000       E      14       5   .init       
     Init                                      E00E      6D     109       1   .init       
     _Startup                                  E07B       9       9       0   .init       
     main                                      E092      15      21       1   .text       
     ConfigIni                                 E0A7      14      20       1   .text       
     tiempo                                    E0BB      1F      31       5   .text       
     retardo1m                                 E0DA       3       3       1   .text       
     ConfigGPIO                                E0DD      14      20       1   .text       
     Stop                                      E0F1       F      15       1   .text       
     LeerDIP1                                  E100      EF     239       3   .text       
     LeerDIP2                                  E1EF      44      68       1   .text       
     Stop2                                     E233      12      18       2   .text       
     ConfigPWM                                 E245      19      25       1   .text       
     SetPWM                                    E25E       1       1       1   .text       
     Trans                                     E25F      12      18       1   .text       
     _PUSH_ARGS_L                              E271      20      32       1   .text       
     _ENTER_UNARY_L                            E291      29      41       1   .text       
     _ENTER_BINARY_L_RC                        E2BA      19      25       2   .text       
     _k_is_k_plus_j_l                          E2D3      1E      30       2   .text       
     _k_is_k_plus_j_i                          E2F1      12      18       3   .text       
     _LMUL_k_is_k_mul_j                        E303      81     129       1   .text       
     _LDIVMOD                                  E384      A4     164       1   .text       
     _LDIVU_k_is_k_div_j                       E428      17      23       1   .text       
     _LMUL_RC                                  E43F       6       6       9   .text       
     _LDIVU_RC                                 E445       6       6       2   .text       
     _LLSR                                     E44B      16      22       2   .text       
     _POP32                                    E461      1A      26       4   .text       
     _STORE32                                  E47B      16      22       1   .text       
     _Jump_Table_Header_Offset                 E491      24      36       2   .text       
     asm_main                                  E4B5       4       4       1   MyCode      
     retardo                                   E4B9       2       2       1   MyCode      
     rt1                                       E4BB       3       3       0   MyCode      
     rt2                                       E4BE       6       6       0   MyCode      
     _Vector_5                                 FFF4       2       2       0   .abs_section_fff4

*********************************************************************************************
UNUSED-OBJECTS SECTION
---------------------------------------------------------------------------------------------
NOT USED PROCEDURES
rtshc08.o (ansifs.lib):
  _PUSH_ARGS_D _ENTER_UNARY_L64 _ENTER_UNARY_L64_4 _ENTER_BINARY_L 
  _ENTER_BINARY_L_LC _ENTER_BINARY_L64 _ENTER_BINARY_L64_LC 
  _ENTER_BINARY_L64_RC _IDIVMOD _SPLITSIGN _LADD_k_is_k_plus_j 
  _LSUB_k_is_k_minus_j _LAND_k_is_k_and_j _LOR_k_is_k_or_j _LXOR_k_is_k_xor_j 
  _NEG_L_HX _ABS_L_HX _SPLITSIGN_L _LMODU_k_is_k_mod_j _LMODS_k_is_k_mod_j 
  _LDIVS_k_is_k_div_j _LCMP_k_rel_j _CMP24_k_rel_j _BMULS _BDIVS _BMODS 
  _IMUL_STAR08 _IDIVS_STAR08 _IDIVU_STAR08 _IMODS_STAR08 _IMODU_STAR08 _IDIVU_8 
  _IMODU_8 _IASR _ILSR _ILSL _ICMP _LINC _LDEC _LNEG _LNOT _LADD _LADD_RC _LSUB 
  _LSUB_LC _LSUB_RC _LAND _LAND_RC _LOR _LOR_RC _LXOR _LXOR_RC _LMUL _LDIVS 
  _LDIVS_LC _LDIVS_RC _LDIVU _LDIVU_LC _LMODS _LMODS_LC _LMODS_RC _LMODU 
  _LMODU_LC _LMODU_RC _LASR _LLSL _LCMP _LCMP_RC _PUSH_ARGS_24 
  _ENTER_BINARY_24_RC _ENTER_BINARY_24 _CMP24 _CMP24_RC _COPY _COPY_L _POP64 
  _STORE64 _SEXT8_32 _SEXT16_32 _CALL_STAR08 _CALL_STAR08_FAR _Jump_Table_Addr 
  _Jump_Table_Offset _Jump_Table_Header_Addr _Search_Table_16_Addr 
  _Search_Table_16_Offset _Search_Table_8_Addr _Search_Table_8_Offset _PUSH_CC 
  _POP_CC _CONV_FAR_TO_NEAR _CONV_FAR_TO_LINEAR _CONV_LINEAR_TO_FAR F_CLRK 
  F_CLRK_Unary F_NANK F_INFK F_TLK F_XGKL _UNPACK_k_to_K _UNPACK_k_to_K_Unary 
  _UNPACK_j_to_L _PACK_K_to_k _PACK_K_to_k_Unary F_NORMK _FADD_K_is_K_plus_L 
  _FMUL_K_is_K_times_L _FDIV_K_is_L_div_K _F_LONGK _F_FLOATK _FCMP_k_rel_j 
  _FADD_Common _FSUB_Common _FMUL_Common _FDIV_Common _FADD _FADD_RC _FSUB 
  _FSUB_RC _FSUB_LC _FMUL _FMUL_RC _FDIV _FDIV_RC _FDIV_LC _FSTRUNC _FUTRUNC 
  _FNEG _FABS _FCMP _FCMP_RC _FINC _FDEC _FSFLOAT _FUFLOAT D_TLK D_TKRes D_XGKL 
  D_CLRK D_CLRK_Unary D_NANK D_INFK D_INFK_Unary _DUNPACK_k_to_K 
  _DUNPACK_k_to_K_Unary _DUNPACK_j_to_L _DPACK_K_to_k _DPACK_K_to_k_Unary 
  D_NORMK_Unary D_NORMK _DADD_K_is_K_plus_L _DMUL_K_is_K_times_L 
  _DDIV_K_is_L_div_K _DCMP_k_rel_j _D_FLOATK _D_LONGK _D_FTODK _D_DTOFK 
  _DADD_Common _DSUB_Common _DMUL_Common _DDIV_Common _DADD _DADD_RC _DSUB 
  _DSUB_RC _DSUB_LC _DMUL _DMUL_RC _DDIV _DDIV_LC _DDIV_RC _DCMP _DCMP_RC _DINC 
  _DDEC _DNEG _DABS _DSFLOAT _DUFLOAT _DSTRUNC _DUTRUNC _DSHORT _DLONG 
NOT USED VARIABLES
rtshc08.o (ansifs.lib):
  _PowOfTwo_8 _PowOfTwo_16 _PowOfTwo_32 plus1 minus1 plus1d minus1d errno 

*********************************************************************************************
COPYDOWN SECTION
---------------------------------------------------------------------------------------------
------- ROM-ADDRESS: 0xE4C4 ---- SIZE       2 ---
Filling bytes inserted
 0000

*********************************************************************************************
OBJECT-DEPENDENCIES SECTION
---------------------------------------------------------------------------------------------
Init                      USES _startupData loadByte 
_Startup                  USES __SEG_END_SSTACK Init main 
main                      USES asm_main ConfigIni Stop ConfigPWM SetPWM _SRS 
ConfigIni                 USES milli ConfigGPIO LeerDIP2 LeerDIP1 tiempo 
tiempo                    USES i retardo1m 
retardo1m                 USES retardo 
ConfigGPIO                USES _SOPT1 _PTBD _PTBDD _PTAD _PTADD 
Stop                      USES tiempo _PTBD 
LeerDIP1                  USES _PTBD maskB DIP1 RATE Val 
                                _Jump_Table_Header_Offset _LLSR RATIO _POP32 _LMUL_RC LeerDIP1 _STORE32 
                                RATIO2 Stop2 _LDIVU_RC 
LeerDIP2                  USES _PTAD maskA DIP2 _Jump_Table_Header_Offset RATE 
                                Stop2 
Stop2                     USES _PTBD tiempo 
ConfigPWM                 USES _TPMSC RATE _TPMMOD _TPMC0SC RATIO _TPMC0V 
                                _TPMC1SC RATIO2 _TPMC1V 
Trans                     USES _PTBD _TPMC0SC FlagCH0 
_ENTER_BINARY_L_RC        USES _PUSH_ARGS_L 
_LMUL_k_is_k_mul_j        USES _k_is_k_plus_j_l _k_is_k_plus_j_i 
_LDIVU_k_is_k_div_j       USES _LDIVMOD 
_LMUL_RC                  USES _ENTER_BINARY_L_RC _LMUL_k_is_k_mul_j 
_LDIVU_RC                 USES _ENTER_BINARY_L_RC _LDIVU_k_is_k_div_j 
_LLSR                     USES _ENTER_UNARY_L 
asm_main                  USES temp_byte 
_Vector_5                 USES Trans 

*********************************************************************************************
DEPENDENCY TREE
*********************************************************************************************
 main and _Startup Group
 | 
 +- main                
 |  | 
 |  +- asm_main            
 |  |    
 |  +- ConfigIni           
 |  |  | 
 |  |  +- ConfigGPIO          
 |  |  |    
 |  |  +- LeerDIP2            
 |  |  |  | 
 |  |  |  +- _Jump_Table_Header_Offset
 |  |  |  |    
 |  |  |  +- Stop2               
 |  |  |     | 
 |  |  |     +- tiempo              
 |  |  |        | 
 |  |  |        +- retardo1m           
 |  |  |           | 
 |  |  |           +- retardo             
 |  |  |                
 |  |  +- LeerDIP1            
 |  |  |  | 
 |  |  |  +- _Jump_Table_Header_Offset (see above)
 |  |  |  |  
 |  |  |  +- _LLSR               
 |  |  |  |  | 
 |  |  |  |  +- _ENTER_UNARY_L      
 |  |  |  |       
 |  |  |  +- _POP32              
 |  |  |  |    
 |  |  |  +- _LMUL_RC            
 |  |  |  |  | 
 |  |  |  |  +- _ENTER_BINARY_L_RC  
 |  |  |  |  |  | 
 |  |  |  |  |  +- _PUSH_ARGS_L        
 |  |  |  |  |       
 |  |  |  |  +- _LMUL_k_is_k_mul_j  
 |  |  |  |     | 
 |  |  |  |     +- _k_is_k_plus_j_l    
 |  |  |  |     |    
 |  |  |  |     +- _k_is_k_plus_j_i    
 |  |  |  |          
 |  |  |  +- _STORE32            
 |  |  |  |    
 |  |  |  +- Stop2                (see above)
 |  |  |  |  
 |  |  |  +- _LDIVU_RC           
 |  |  |     | 
 |  |  |     +- _ENTER_BINARY_L_RC   (see above)
 |  |  |     |  
 |  |  |     +- _LDIVU_k_is_k_div_j 
 |  |  |        | 
 |  |  |        +- _LDIVMOD            
 |  |  |             
 |  |  +- tiempo               (see above)
 |  |     
 |  +- Stop                
 |  |  | 
 |  |  +- tiempo               (see above)
 |  |     
 |  +- ConfigPWM           
 |  |    
 |  +- SetPWM              
 |       
 +- _Startup            
    | 
    +- Init                
    |  | 
    |  +- loadByte            
    |       
    +- main                 (see above)
       
 _Vector_5           
 | 
 +- Trans               
      
*********************************************************************************************
STATISTIC SECTION
---------------------------------------------------------------------------------------------

ExeFile:
--------
Number of blocks to be downloaded: 6
Total size of all blocks to be downloaded: 1226

